// Vitest Snapshot v1, https://vitest.dev/guide/snapshot.html

exports[`diff 1`] = `
[
  {
    "lineNumbers": [
      1,
      2,
      3,
    ],
    "lines": [
      "import re",
      "",
      "def is_valid_email(email):",
    ],
    "state": "existing",
  },
  {
    "lineNumbers": [
      4,
    ],
    "lines": [
      "    if re.fullmatch(r"[a-zA-Z0-9_.+-]+@[a-zA-Z0-9-]+.[a-zA-Z0-9-.]+", email):",
    ],
    "state": "deleted",
  },
  {
    "lineNumbers": [
      4,
      5,
    ],
    "lines": [
      "    pattern = re.compile(r"[a-zA-Z0-9_.+-]+@[a-zA-Z0-9-]+.[a-zA-Z0-9-.]+")",
      "    if pattern.fullmatch(email):",
    ],
    "state": "added",
  },
  {
    "lineNumbers": [
      6,
      7,
      8,
    ],
    "lines": [
      "        return True",
      "    else:",
      "        return False",
    ],
    "state": "existing",
  },
]
`;

exports[`is_valid_email 1`] = `
[
  {
    "lineNumbers": [
      1,
      2,
      3,
    ],
    "lines": [
      "import re",
      "",
      "def is_valid_email(email):",
    ],
    "state": "existing",
  },
  {
    "lineNumbers": [
      4,
    ],
    "lines": [
      "    if re.fullmatch(r"[a-zA-Z0-9_.+-]+@[a-zA-Z0-9-]+.[a-zA-Z0-9-.]+", email):",
    ],
    "state": "deleted",
  },
  {
    "lineNumbers": [
      4,
      5,
    ],
    "lines": [
      "    pattern = re.compile(r"[a-zA-Z0-9_.+-]+@[a-zA-Z0-9-]+.[a-zA-Z0-9-.]+")",
      "    if pattern.fullmatch(email):",
    ],
    "state": "added",
  },
  {
    "lineNumbers": [
      6,
      7,
      8,
    ],
    "lines": [
      "        return True",
      "    else:",
      "        return False",
    ],
    "state": "existing",
  },
]
`;
